gCf9Urk7brY9n0BAGoLGC2RnqQx0ZL06
OK
10 5 8 9 3 4 6 1 2 7
