gCf9Urk7brY9n0BAGoLGC2RnqQx0ZL06
OK
10 5 1 6 8 9 2 3 7 4
