du3W59OSqKqC9FuBgxi0VkGO13qNOHq6
823034429 1655304198
