41
1 1 2 2 3 3 4 4 5 5
6 6 7 7 12 -1 8 8 9 9
10 11 11 16 12 13 13 18 14 -1
10 15 21 16 22 17 23 18 14 19
20 15 21 -1 22 17 23 24 24 19
20 25 25 -1 26 26 32 27 -1 28
29 29 30 -1 31 33 32 27 -1 28
36 -1 30 -1 31 33 38 34 39 35
36 40 -1 41 37 37 38 34 39 35
0 40 0 41 0 -1 0 -1 0 -1
