23
1 2 2 -1 3 3 4 -1 5 5
1 -1 -1 -1 -1 -1 4 -1 -1 6
-1 8 7 7 -1 -1 -1 -1 -1 6
-1 8 -1 -1 11 9 9 10 10 -1
-1 12 -1 -1 11 -1 -1 -1 -1 -1
-1 12 -1 -1 -1 -1 13 13 14 14
-1 -1 15 15 -1 -1 16 -1 -1 18
-1 -1 17 17 -1 -1 16 -1 -1 18
-1 -1 -1 20 -1 -1 -1 -1 -1 -1
19 19 0 20 21 21 22 22 23 23
