gCf9Urk7brY9n0BAGoLGC2RnqQx0ZL06
OK
9 7 4 2 5 3 8 6 10 1
