UUHvViSbOcm1f20T0qa9HbSlGWAR2d3H
500
OK
7
OK
4
OK
7
OK
7
OK
6
OK
5
OK
8
OK
5
OK
9
OK
9
OK
5
OK
6
OK
2
OK
9
OK
8
OK
5
OK
7
OK
9
OK
8
OK
7
OK
6
OK
6
OK
8
OK
6
OK
7
OK
8
OK
5
OK
6
OK
7
OK
8
OK
5
OK
5
OK
8
OK
7
OK
9
OK
8
OK
8
OK
9
OK
8
OK
7
OK
8
OK
8
OK
3
OK
5
OK
8
OK
5
OK
6
OK
7
OK
4
OK
9
OK
7
OK
6
OK
7
OK
7
OK
6
OK
7
OK
8
OK
3
OK
6
OK
8
OK
6
OK
7
OK
1
OK
7
OK
1
OK
8
OK
7
OK
7
OK
7
OK
0
OK
7
OK
5
OK
9
OK
6
OK
8
OK
5
OK
0
OK
8
OK
8
OK
9
OK
5
OK
6
OK
9
OK
8
OK
3
OK
9
OK
5
OK
5
OK
6
OK
6
OK
7
OK
5
OK
6
OK
2
OK
9
OK
7
OK
7
OK
8
OK
8
OK
7
OK
4
OK
9
OK
9
OK
1
OK
2
OK
9
OK
8
OK
5
OK
5
OK
7
OK
4
OK
6
OK
5
OK
5
OK
7
OK
6
OK
8
OK
9
OK
7
OK
2
OK
8
OK
8
OK
9
OK
7
OK
9
OK
8
OK
5
OK
7
OK
8
OK
8
OK
7
OK
7
OK
6
OK
5
OK
9
OK
9
OK
4
OK
7
OK
6
OK
4
OK
6
OK
7
OK
5
OK
9
OK
9
OK
7
OK
9
OK
8
OK
4
OK
3
OK
7
OK
8
OK
4
OK
8
OK
7
OK
7
OK
8
OK
8
OK
6
OK
9
OK
4
OK
6
OK
1
OK
5
OK
6
OK
6
OK
8
OK
8
OK
8
OK
9
OK
6
OK
7
OK
6
OK
6
OK
4
OK
8
OK
4
OK
8
OK
8
OK
8
OK
7
OK
9
OK
8
OK
6
OK
9
OK
6
OK
7
OK
2
OK
7
OK
9
OK
5
OK
7
OK
8
OK
7
OK
6
OK
9
OK
7
OK
9
OK
7
OK
2
OK
9
OK
6
OK
9
OK
6
OK
7
OK
7
OK
7
OK
7
OK
5
OK
7
OK
7
OK
7
OK
0
OK
8
OK
8
OK
8
OK
8
OK
7
OK
8
OK
6
OK
7
OK
6
OK
8
OK
7
OK
7
OK
8
OK
7
OK
9
OK
8
OK
4
OK
6
OK
8
OK
9
OK
5
OK
5
OK
9
OK
4
OK
8
OK
8
OK
0
OK
2
OK
7
OK
8
OK
7
OK
9
OK
9
OK
4
OK
3
OK
8
OK
6
OK
9
OK
8
OK
4
OK
7
OK
9
OK
8
OK
6
OK
8
OK
9
OK
8
OK
6
OK
2
OK
8
OK
7
OK
7
OK
6
OK
8
OK
7
OK
9
OK
3
OK
4
OK
5
OK
7
OK
1
OK
7
OK
6
OK
9
OK
9
OK
6
OK
8
OK
8
OK
4
OK
9
OK
6
OK
7
OK
9
OK
8
OK
5
OK
5
OK
9
OK
2
OK
5
OK
8
OK
5
OK
5
OK
4
OK
9
OK
9
OK
4
OK
5
OK
8
OK
9
OK
8
OK
7
OK
6
OK
6
OK
8
OK
7
OK
9
OK
7
OK
9
OK
7
OK
4
OK
9
OK
6
OK
2
OK
8
OK
6
OK
6
OK
8
OK
6
OK
6
OK
4
OK
7
OK
7
OK
7
OK
4
OK
4
OK
3
OK
9
OK
9
OK
5
OK
7
OK
7
OK
5
OK
7
OK
3
OK
9
OK
8
OK
8
OK
7
OK
8
OK
6
OK
6
OK
7
OK
9
OK
8
OK
7
OK
7
OK
7
OK
4
OK
7
OK
8
OK
7
OK
7
OK
4
OK
8
OK
7
OK
9
OK
8
OK
5
OK
5
OK
5
OK
8
OK
8
OK
7
OK
7
OK
5
OK
3
OK
3
OK
7
OK
8
OK
7
OK
6
OK
6
OK
9
OK
8
OK
6
OK
9
OK
7
OK
6
OK
7
OK
9
OK
8
OK
9
OK
6
OK
7
OK
8
OK
7
OK
8
OK
8
OK
7
OK
6
OK
9
OK
8
OK
7
OK
9
OK
4
OK
8
OK
4
OK
4
OK
6
OK
6
OK
6
OK
8
OK
5
OK
7
OK
4
OK
9
OK
6
OK
8
OK
8
OK
7
OK
8
OK
1
OK
7
OK
2
OK
0
OK
8
OK
7
OK
9
OK
9
OK
6
OK
7
OK
8
OK
8
OK
8
OK
8
OK
5
OK
7
OK
7
OK
9
OK
3
OK
9
OK
6
OK
9
OK
9
OK
6
OK
6
OK
5
OK
6
OK
3
OK
7
OK
7
OK
6
OK
6
OK
7
OK
4
OK
9
OK
7
OK
9
OK
6
OK
3
OK
7
OK
7
OK
0
OK
8
OK
7
OK
9
OK
5
OK
7
OK
7
OK
7
OK
6
OK
9
OK
9
OK
7
OK
7
OK
6
OK
8
OK
7
OK
4
OK
5
OK
6
OK
7
OK
9
OK
5
OK
1
OK
4
OK
7
OK
5
OK
8
OK
7
OK
3
OK
8
OK
7
OK
5
OK
7
OK
7
OK
7
OK
4
OK
9
OK
8
OK
8
OK
4
OK
5
OK
2
OK
5
OK
7
OK
5
