UUHvViSbOcm1f20T0qa9HbSlGWAR2d3H
500
OK
2
OK
4
OK
1
OK
1
OK
4
OK
1
OK
0
OK
2
OK
0
OK
4
OK
2
OK
3
OK
5
OK
3
OK
4
OK
4
OK
5
OK
5
OK
2
OK
4
OK
5
OK
3
OK
4
OK
1
OK
5
OK
5
OK
1
OK
0
OK
2
OK
3
OK
1
OK
3
OK
5
OK
2
OK
3
OK
2
OK
5
OK
1
OK
3
OK
1
OK
2
OK
1
OK
3
OK
2
OK
3
OK
1
OK
4
OK
4
OK
2
OK
0
OK
4
OK
4
OK
5
OK
2
OK
1
OK
5
OK
3
OK
2
OK
0
OK
2
OK
3
OK
5
OK
3
OK
5
OK
4
OK
1
OK
1
OK
3
OK
3
OK
1
OK
3
OK
5
OK
1
OK
3
OK
3
OK
2
OK
5
OK
2
OK
4
OK
3
OK
3
OK
1
OK
3
OK
2
OK
1
OK
5
OK
2
OK
5
OK
3
OK
4
OK
4
OK
4
OK
3
OK
1
OK
4
OK
1
OK
4
OK
1
OK
3
OK
1
OK
5
OK
3
OK
4
OK
3
OK
3
OK
2
OK
1
OK
4
OK
3
OK
4
OK
1
OK
0
OK
4
OK
5
OK
4
OK
4
OK
5
OK
0
OK
5
OK
4
OK
3
OK
3
OK
1
OK
5
OK
5
OK
3
OK
4
OK
1
OK
2
OK
1
OK
2
OK
3
OK
0
OK
3
OK
4
OK
3
OK
5
OK
1
OK
0
OK
3
OK
0
OK
2
OK
1
OK
2
OK
2
OK
4
OK
0
OK
2
OK
5
OK
3
OK
5
OK
2
OK
3
OK
1
OK
1
OK
5
OK
5
OK
4
OK
3
OK
4
OK
0
OK
3
OK
4
OK
2
OK
1
OK
3
OK
2
OK
1
OK
5
OK
5
OK
0
OK
0
OK
2
OK
3
OK
3
OK
3
OK
2
OK
3
OK
0
OK
4
OK
4
OK
3
OK
2
OK
0
OK
3
OK
1
OK
3
OK
0
OK
3
OK
2
OK
3
OK
4
OK
3
OK
3
OK
3
OK
4
OK
4
OK
4
OK
4
OK
2
OK
1
OK
3
OK
5
OK
4
OK
5
OK
3
OK
2
OK
3
OK
3
OK
3
OK
2
OK
3
OK
5
OK
3
OK
5
OK
4
OK
2
OK
1
OK
2
OK
4
OK
3
OK
4
OK
3
OK
3
OK
5
OK
4
OK
3
OK
4
OK
2
OK
4
OK
1
OK
3
OK
4
OK
1
OK
4
OK
3
OK
2
OK
4
OK
2
OK
1
OK
5
OK
5
OK
3
OK
4
OK
2
OK
1
OK
2
OK
4
OK
1
OK
2
OK
5
OK
2
OK
4
OK
0
OK
1
OK
1
OK
4
OK
1
OK
5
OK
0
OK
2
OK
1
OK
5
OK
3
OK
3
OK
4
OK
4
OK
0
OK
0
OK
3
OK
4
OK
2
OK
3
OK
4
OK
5
OK
2
OK
1
OK
2
OK
4
OK
2
OK
3
OK
1
OK
4
OK
2
OK
5
OK
2
OK
1
OK
3
OK
3
OK
2
OK
3
OK
4
OK
3
OK
4
OK
4
OK
4
OK
4
OK
3
OK
0
OK
4
OK
4
OK
5
OK
2
OK
4
OK
2
OK
4
OK
3
OK
4
OK
3
OK
1
OK
2
OK
4
OK
0
OK
2
OK
2
OK
3
OK
4
OK
5
OK
1
OK
2
OK
1
OK
4
OK
2
OK
3
OK
1
OK
1
OK
4
OK
0
OK
3
OK
4
OK
2
OK
0
OK
4
OK
4
OK
2
OK
4
OK
1
OK
4
OK
4
OK
4
OK
4
OK
2
OK
5
OK
4
OK
4
OK
2
OK
4
OK
3
OK
3
OK
3
OK
3
OK
1
OK
4
OK
0
OK
5
OK
4
OK
0
OK
4
OK
4
OK
4
OK
0
OK
2
OK
4
OK
4
OK
3
OK
3
OK
5
OK
5
OK
2
OK
4
OK
3
OK
2
OK
5
OK
4
OK
3
OK
4
OK
5
OK
5
OK
5
OK
2
OK
2
OK
3
OK
4
OK
1
OK
3
OK
4
OK
2
OK
5
OK
5
OK
1
OK
3
OK
1
OK
3
OK
5
OK
4
OK
4
OK
4
OK
2
OK
0
OK
0
OK
4
OK
1
OK
1
OK
1
OK
0
OK
4
OK
1
OK
4
OK
0
OK
4
OK
5
OK
2
OK
4
OK
1
OK
0
OK
2
OK
0
OK
1
OK
4
OK
2
OK
0
OK
3
OK
3
OK
4
OK
4
OK
5
OK
4
OK
3
OK
2
OK
1
OK
1
OK
4
OK
4
OK
4
OK
1
OK
1
OK
2
OK
0
OK
2
OK
3
OK
0
OK
4
OK
5
OK
4
OK
4
OK
2
OK
3
OK
4
OK
5
OK
2
OK
1
OK
4
OK
3
OK
1
OK
2
OK
3
OK
2
OK
4
OK
2
OK
3
OK
5
OK
5
OK
4
OK
0
OK
4
OK
2
OK
5
OK
3
OK
3
OK
0
OK
0
OK
2
OK
0
OK
2
OK
4
OK
1
OK
3
OK
4
OK
0
OK
4
OK
4
OK
1
OK
3
OK
2
OK
2
OK
5
OK
4
OK
4
OK
5
OK
3
OK
1
OK
1
OK
3
OK
0
OK
1
OK
2
OK
4
OK
1
OK
3
OK
4
