UUHvViSbOcm1f20T0qa9HbSlGWAR2d3H
5
OK
10
OK
0
OK
1
OK
2
OK
2
