25
0 -1 -1 -1 -1 -1 -1 -1 -1 -1
1 1 -1 -1 -1 -1 -1 -1 -1 -1
0 2 2 -1 -1 -1 -1 -1 -1 -1
3 3 4 4 -1 -1 -1 -1 -1 -1
0 5 5 6 6 -1 -1 -1 -1 -1
7 7 8 8 9 9 -1 -1 -1 -1
0 10 10 11 11 12 12 -1 -1 -1
13 13 14 14 15 15 16 16 -1 -1
0 17 17 18 18 19 19 20 20 -1
21 21 22 22 23 23 24 24 25 25
