21
-1 -1 -1 -1 -1 1 1 2 2 -1
3 3 0 -1 5 -1 6 4 -1 -1
-1 7 -1 -1 5 8 6 4 -1 -1
-1 7 0 -1 -1 8 9 -1 -1 -1
0 -1 -1 10 -1 0 9 -1 -1 12
-1 -1 -1 10 -1 -1 -1 11 -1 12
13 13 -1 0 -1 14 14 11 -1 15
-1 -1 -1 -1 17 -1 -1 -1 18 15
0 19 16 -1 17 21 -1 -1 18 -1
-1 19 16 20 20 21 -1 -1 -1 0
