3
4
0 1 2 3
4 5 6 7
4
0 1 6 7
2 3 4 5
4
0 3 5 6
1 2 4 7
