6
25
0 1 2 3 4 5 6 7 8 9 10 11 12 13 14 15 16 17 18 19 20 21 22 23 24
25 26 27 28 29 30 31 32 33 34 35 36 37 38 39 40 41 42 43 44 45 46 47 48 49
25
0 1 2 3 4 5 6 7 8 9 10 11 12 38 39 40 41 42 43 44 45 46 47 48 49
13 14 15 16 17 18 19 20 21 22 23 24 25 26 27 28 29 30 31 32 33 34 35 36 37
25
0 1 2 3 4 5 6 19 20 21 22 23 24 32 33 34 35 36 37 38 39 40 41 42 43
7 8 9 10 11 12 13 14 15 16 17 18 25 26 27 28 29 30 31 44 45 46 47 48 49
25
0 1 2 3 10 11 12 16 17 18 19 20 21 29 30 31 32 33 34 38 39 40 47 48 49
4 5 6 7 8 9 13 14 15 22 23 24 25 26 27 28 35 36 37 41 42 43 44 45 46
25
0 1 6 9 10 11 15 16 17 19 20 24 27 28 29 30 32 33 37 38 39 43 46 47 48
2 3 4 5 7 8 12 13 14 18 21 22 23 25 26 31 34 35 36 40 41 42 44 45 49
18
0 3 5 8 10 14 16 19 23 26 27 29 32 36 38 42 45 47
1 2 4 7 11 13 17 20 22 25 28 30 33 35 39 41 44 48
