du3W59OSqKqC9FuBgxi0VkGO13qNOHq6
94846791 94846791 1417289715
