gCf9Urk7brY9n0BAGoLGC2RnqQx0ZL06
OK
2 3 4 5 6 7 8 9 10 1
