gCf9Urk7brY9n0BAGoLGC2RnqQx0ZL06
OK
9 8 10 4 3 7 1 5 2 6
