gCf9Urk7brY9n0BAGoLGC2RnqQx0ZL06
OK
8 4 9 6 1 2 7 3 10 5
