du3W59OSqKqC9FuBgxi0VkGO13qNOHq6
484640597 701908292
