du3W59OSqKqC9FuBgxi0VkGO13qNOHq6
398573500 398573500
