du3W59OSqKqC9FuBgxi0VkGO13qNOHq6
45150324 108127265
