du3W59OSqKqC9FuBgxi0VkGO13qNOHq6
399983165 624107281 830194784
