du3W59OSqKqC9FuBgxi0VkGO13qNOHq6
180533610 722097755 748452032
