du3W59OSqKqC9FuBgxi0VkGO13qNOHq6
666709280 820088229 1034825878
