du3W59OSqKqC9FuBgxi0VkGO13qNOHq6
584966528 815376322 918078702
