du3W59OSqKqC9FuBgxi0VkGO13qNOHq6
503223776 595926767 1016069176
