du3W59OSqKqC9FuBgxi0VkGO13qNOHq6
40317825 376477211 421481024
