du3W59OSqKqC9FuBgxi0VkGO13qNOHq6
138308299 157027656 339738272
