du3W59OSqKqC9FuBgxi0VkGO13qNOHq6
147244487 555016526 732797888
23861415 41130894 172020136
790637358 903246236 962526425
387485890 758132842 850535463
738248010 861309166 872174697
59938978 623987665 971498722
383221989 514268321 669322550
231470397 812511710 861099545
385496888 400428914 690016507
221966529 939092321 974963423
15690549 422474824 897644620
145508373 288998276 997554671
42001601 676858053 1024386257
62141005 437667244 1044302944
142112138 369532153 692864188
408176305 868921234 1036210561
278448878 635822211 888071102
15396977 115869590 132454096
485744412 520511688 1046064052
439161277 760959609 958903595
493149233 789153835 882324043
513879884 532738575 920139414
378447642 494511661 957322758
306147541 364730315 1073140535
18670227 186942368 509957891
