du3W59OSqKqC9FuBgxi0VkGO13qNOHq6
65501735 513348332 653007000
534780772 883843194 889518917
274355488 941439629 955330102
611720802 949205587 1041818736
344939061 523379870 1069650446
281065228 501971767 550212872
96653291 126882540 438044536
504383824 614220122 944107122
528873417 964123462 1038450313
596349729 765999553 926006534
418648394 560180191 604437696
178544597 464026232 884857450
546278183 900666716 953127336
107034222 195642412 889744827
369176209 676279768 1047933087
386934953 524246271 629338535
723254958 979218251 1034390260
187964852 904373088 963479255
574412670 703103391 814499560
88351884 828685464 1042162451
129676263 245097627 285282232
316684996 532019652 987043192
70986735 821687292 997759820
34839154 892595378 1073370025
488268377 527505817 688358006
