du3W59OSqKqC9FuBgxi0VkGO13qNOHq6
907613190 907613190 947967857
