du3W59OSqKqC9FuBgxi0VkGO13qNOHq6
375732993 375732993 999837331
221720709 510841591 510841591
84072180 909193482 909193482
183705950 183705950 424319153
622341088 622341088 1072451163
399139380 1030759477 1030759477
203078087 203078087 1042145359
10782334 434309066 434309066
488056078 488056078 497734736
49421091 719041622 719041622
