du3W59OSqKqC9FuBgxi0VkGO13qNOHq6
83 126 178
106 124 136
27 140 249
6 230 234
28 195 205
60 67 240
10 13 249
3 114 161
45 167 172
194 204 231
