du3W59OSqKqC9FuBgxi0VkGO13qNOHq6
375732993 375732993 375732993
999837331 999837331 999837331
225552459 225552459 225552459
374375421 374375421 374375421
735549920 735549920 735549920
10625996 10625996 10625996
798738171 798738171 798738171
347310887 347310887 347310887
470828225 470828225 470828225
830003333 830003333 830003333
