du3W59OSqKqC9FuBgxi0VkGO13qNOHq6
27859762 510598536 613207592
