du3W59OSqKqC9FuBgxi0VkGO13qNOHq6
638210457 832421096 949213910
