du3W59OSqKqC9FuBgxi0VkGO13qNOHq6
181742725 612611275 1059422369
498692616 556245974 598794449
53551709 329832268 485305800
666166281 810179236 928966973
290650942 356354453 702258969
345921545 524629834 920920522
52717684 718055938 1026774785
576616921 660079179 875843166
83830069 466280217 821440770
516818527 558369007 763337711
