du3W59OSqKqC9FuBgxi0VkGO13qNOHq6
1008813518 1113683670
