du3W59OSqKqC9FuBgxi0VkGO13qNOHq6
1451565761 2078037749
