du3W59OSqKqC9FuBgxi0VkGO13qNOHq6
51206914 385496033 385496033
