du3W59OSqKqC9FuBgxi0VkGO13qNOHq6
721819945 1349850111 1349850111
