5
16
0 1 2 3 4 5 6 7 8 9 10 11 12 13 14 15
16 17 18 19 20 21 22 23 24 25 26 27 28 29 30 31
16
0 1 2 3 4 5 6 7 24 25 26 27 28 29 30 31
8 9 10 11 12 13 14 15 16 17 18 19 20 21 22 23
16
0 1 2 3 12 13 14 15 20 21 22 23 24 25 26 27
4 5 6 7 8 9 10 11 16 17 18 19 28 29 30 31
16
0 1 6 7 10 11 12 13 18 19 20 21 24 25 30 31
2 3 4 5 8 9 14 15 16 17 22 23 26 27 28 29
16
0 3 5 6 9 10 12 15 17 18 20 23 24 27 29 30
1 2 4 7 8 11 13 14 16 19 21 22 25 26 28 31
