UUHvViSbOcm1f20T0qa9HbSlGWAR2d3H
5
OK
1
OK
5
OK
1
OK
2
OK
5
