UUHvViSbOcm1f20T0qa9HbSlGWAR2d3H
5
OK
9
OK
0
OK
0
OK
8
OK
2
